// Jest Snapshot v1, https://goo.gl/fbAQLP

exports[`DataTableHeaderCell should be rendered correctly 1`] = `
<div
  aria-sort="none"
  className="uui-dt-vars cell uui-table-header-cell cell size-36 first-column-24 pinned-left"
  onClick={[Function]}
  role="columnheader"
  style={
    Object {
      "alignSelf": undefined,
      "flexBasis": "150px",
      "flexGrow": undefined,
      "flexShrink": undefined,
      "minWidth": "150px",
      "textAlign": undefined,
    }
  }
>
  <div
    className="captionWrapper align-undefined uui-table-header-caption-wrapper"
  >
    <div
      className="root uui-text uui-color-primary uui-font-weight-400 uui-font-style-normal uui-typography line-height-30 font-size-14 v-padding-0 caption font-size-14 uui-table-header-caption container"
    >
      Test
    </div>
  </div>
</div>
`;
