// Jest Snapshot v1, https://goo.gl/fbAQLP

exports[`PickerToggler should render with maximum props 1`] = `
<div
  className="container uui-input-box -clickable root uui-picker_toggler uui-size-48 mode-form"
  onBlur={[Function]}
  onClick={[Function]}
  onFocus={[Function]}
  onKeyDown={[Function]}
  tabIndex={0}
>
  <div
    className="body uui-picker_toggler-multiline"
  >
    <span
      className="uui-button-box uui-enabled root uui-size-36 uui-color-neutral uui-fill-solid uui-tag"
      role="option"
      tabIndex={-1}
    >
      <div
        className="uui-caption"
      >
        test
      </div>
      <div
        className="container uui-icon uui-enabled -clickable -clickable"
        onClick={[Function]}
        style={Object {}}
      >
        <svg
          className=""
        />
      </div>
    </span>
  </div>
  <div
    className="uui-picker_toggler-actions"
  >
    <div
      aria-label="Clear"
      className="container uui-icon uui-enabled -clickable uui-icon-cancel -clickable"
      onClick={[Function]}
      role="button"
      style={Object {}}
      tabIndex={-1}
    >
      <svg
        className=""
      />
    </div>
  </div>
</div>
`;

exports[`PickerToggler should render with minimum props 1`] = `
<div
  className="container uui-input-box root uui-picker_toggler uui-size-36 mode-form"
  onBlur={[Function]}
  onClick={[Function]}
  onFocus={[Function]}
  tabIndex={0}
>
  <div
    className="body"
  >
    <input
      aria-haspopup={true}
      autoComplete="no"
      className="uui-input singleInput"
      dir="auto"
      onChange={[Function]}
      tabIndex={-1}
      type="text"
      value=""
    />
  </div>
  <div
    className="uui-picker_toggler-actions"
  />
</div>
`;
