// Jest Snapshot v1, https://goo.gl/fbAQLP

exports[`Alert should render with maximum props 1`] = `
<div
  className="uui-alert root alertWrapper uui-color-success size48"
  role="alert"
>
  <div
    className="mainPath"
  >
    <div
      className="iconWrapper"
    >
      <div
        className="container uui-icon uui-enabled actionIcon"
        style={Object {}}
      >
        <svg
          className=""
        />
      </div>
    </div>
    <div
      className="content"
    >
      <div
        className="actionWrapper"
      >
        <button
          className="uui-button-box uui-enabled -clickable uui-link_button root uui-size-30 uui-no-left-icon uui-no-right-icon uui-color-primary actionLink"
          onClick={[Function]}
          tabIndex={0}
          type="button"
        >
          <div
            className="uui-caption uui-link-button-weight-semibold"
          >
            ACTION 1
          </div>
        </button>
      </div>
    </div>
    <button
      className="uui-button-box uui-enabled -clickable container uui-icon_button uui-color-neutral root closeIcon"
      onClick={[Function]}
      tabIndex={0}
      type="button"
    >
      <div
        className="container uui-icon uui-enabled"
        style={Object {}}
      >
        <svg
          className=""
        />
      </div>
    </button>
  </div>
</div>
`;

exports[`Alert should render with minimum props 1`] = `
<div
  className="uui-alert root alertWrapper uui-color-info size48"
  role="alert"
>
  <div
    className="mainPath"
  >
    <div
      className="content"
    />
  </div>
</div>
`;

exports[`ErrorAlert should be rendered correctly 1`] = `
<div
  className="uui-alert root alertWrapper uui-color-error size48"
  role="alert"
>
  <div
    className="mainPath"
  >
    <div
      className="iconWrapper"
    >
      <div
        className="container uui-icon uui-enabled actionIcon"
        style={Object {}}
      >
        <svg
          className=""
        />
      </div>
    </div>
    <div
      className="content"
    />
  </div>
</div>
`;

exports[`HintAlert should be rendered correctly 1`] = `
<div
  className="uui-alert root alertWrapper uui-color-info size48"
  role="alert"
>
  <div
    className="mainPath"
  >
    <div
      className="iconWrapper"
    >
      <div
        className="container uui-icon uui-enabled actionIcon"
        style={Object {}}
      >
        <svg
          className=""
        />
      </div>
    </div>
    <div
      className="content"
    />
  </div>
</div>
`;

exports[`SuccessAlert should be rendered correctly 1`] = `
<div
  className="uui-alert root alertWrapper uui-color-success size48"
  role="alert"
>
  <div
    className="mainPath"
  >
    <div
      className="iconWrapper"
    >
      <div
        className="container uui-icon uui-enabled actionIcon"
        style={Object {}}
      >
        <svg
          className=""
        />
      </div>
    </div>
    <div
      className="content"
    />
  </div>
</div>
`;

exports[`WarningAlert should be rendered correctly 1`] = `
<div
  className="uui-alert root alertWrapper uui-color-warning size48"
  role="alert"
>
  <div
    className="mainPath"
  >
    <div
      className="iconWrapper"
    >
      <div
        className="container uui-icon uui-enabled actionIcon"
        style={Object {}}
      >
        <svg
          className=""
        />
      </div>
    </div>
    <div
      className="content"
    />
  </div>
</div>
`;
